\BOOKMARK [1][-]{section.1}{\376\377\230\171\166\356\151\202\217\360}{}% 1
\BOOKMARK [2][-]{subsection.1.1}{\376\377\230\171\166\356\200\314\146\157}{section.1}% 2
\BOOKMARK [2][-]{subsection.1.2}{\376\377\116\247\124\301\133\232\117\115}{section.1}% 3
\BOOKMARK [2][-]{subsection.1.3}{\376\377\230\171\166\356\166\356\150\007}{section.1}% 4
\BOOKMARK [2][-]{subsection.1.4}{\376\377\142\200\147\057\145\271\150\110\177\026\122\066\117\235\143\156}{section.1}% 5
\BOOKMARK [1][-]{section.2}{\376\377\227\000\154\102\122\006\147\220}{}% 6
\BOOKMARK [2][-]{subsection.2.1}{\376\377\165\050\142\067\211\322\202\162}{section.2}% 7
\BOOKMARK [2][-]{subsection.2.2}{\376\377\122\237\200\375\227\000\154\102}{section.2}% 8
\BOOKMARK [2][-]{subsection.2.3}{\376\377\227\136\122\237\200\375\227\000\154\102}{section.2}% 9
\BOOKMARK [2][-]{subsection.2.4}{\376\377\172\336\124\301\122\006\147\220}{section.2}% 10
\BOOKMARK [1][-]{section.3}{\376\377\140\073\117\123\145\271\150\110}{}% 11
\BOOKMARK [2][-]{subsection.3.1}{\376\377\145\271\150\110\147\266\147\204\151\202\217\360}{section.3}% 12
\BOOKMARK [2][-]{subsection.3.2}{\376\377\150\070\137\303\213\276\213\241\164\006\137\365}{section.3}% 13
\BOOKMARK [2][-]{subsection.3.3}{\376\377\116\011\134\102\147\266\147\204\213\276\213\241}{section.3}% 14
\BOOKMARK [2][-]{subsection.3.4}{\376\377\121\163\225\056\143\007\150\007\124\315\136\224}{section.3}% 15
\BOOKMARK [1][-]{section.4}{\376\377\174\373\176\337\147\266\147\204\213\276\213\241}{}% 16
\BOOKMARK [2][-]{subsection.4.1}{\376\377\145\164\117\123\147\266\147\204}{section.4}% 17
\BOOKMARK [2][-]{subsection.4.2}{\376\377\122\006\134\102\213\364\146\016}{section.4}% 18
\BOOKMARK [3][-]{subsubsection.4.2.1}{\376\377\122\115\172\357\134\125\171\072\134\102}{subsection.4.2}% 19
\BOOKMARK [3][-]{subsubsection.4.2.2}{\376\377\000A\000P\000I\000\040\177\121\121\163\134\102}{subsection.4.2}% 20
\BOOKMARK [3][-]{subsubsection.4.2.3}{\376\377\116\032\122\241\147\015\122\241\134\102}{subsection.4.2}% 21
\BOOKMARK [3][-]{subsubsection.4.2.4}{\376\377\145\160\143\156\143\001\116\105\134\102}{subsection.4.2}% 22
\BOOKMARK [2][-]{subsection.4.3}{\376\377\122\115\172\357\176\304\116\366\147\266\147\204}{section.4}% 23
\BOOKMARK [2][-]{subsection.4.4}{\376\377\124\016\172\357\215\357\165\061\154\350\121\214}{section.4}% 24
\BOOKMARK [2][-]{subsection.4.5}{\376\377\221\115\177\156\173\241\164\006}{section.4}% 25
\BOOKMARK [1][-]{section.5}{\376\377\116\032\122\241\116\016\145\160\143\156\155\101\172\013}{}% 26
\BOOKMARK [2][-]{subsection.5.1}{\376\377\150\070\137\303\116\032\122\241\155\101\172\013}{section.5}% 27
\BOOKMARK [2][-]{subsection.5.2}{\376\377\145\160\143\156\155\101\213\276\213\241}{section.5}% 28
\BOOKMARK [2][-]{subsection.5.3}{\376\377\121\163\225\056\145\160\143\156\133\236\117\123\121\163\174\373}{section.5}% 29
\BOOKMARK [2][-]{subsection.5.4}{\376\377\137\123\122\115\133\236\163\260\162\266\140\001}{section.5}% 30
\BOOKMARK [1][-]{section.6}{\376\377\122\237\200\375\124\315\136\224\210\150}{}% 31
\BOOKMARK [1][-]{section.7}{\376\377\150\070\137\303\122\237\200\375\213\346\176\306\213\276\213\241}{}% 32
\BOOKMARK [2][-]{subsection.7.1}{\376\377\127\060\126\376\116\016\000\040\000P\000O\000I\000\040\152\041\127\127}{section.7}% 33
\BOOKMARK [2][-]{subsection.7.2}{\376\377\121\372\224\223\213\260\137\125\152\041\127\127}{section.7}% 34
\BOOKMARK [2][-]{subsection.7.3}{\376\377\171\076\123\072\116\016\123\321\136\003\152\041\127\127}{section.7}% 35
\BOOKMARK [2][-]{subsection.7.4}{\376\377\143\250\203\120\116\016\000\040\000A\000I\000\040\152\041\127\127}{section.7}% 36
\BOOKMARK [2][-]{subsection.7.5}{\376\377\116\052\116\272\116\073\230\165\116\016\176\337\213\241\152\041\127\127}{section.7}% 37
\BOOKMARK [2][-]{subsection.7.6}{\376\377\145\131\172\013\152\041\127\127}{section.7}% 38
\BOOKMARK [2][-]{subsection.7.7}{\376\377\155\073\122\250\116\016\171\076\177\244\152\041\127\127}{section.7}% 39
\BOOKMARK [1][-]{section.8}{\376\377\145\160\143\156\152\041\127\213\116\016\143\245\123\343\213\276\213\241}{}% 40
\BOOKMARK [2][-]{subsection.8.1}{\376\377\137\123\122\115\145\160\143\156\213\276\213\241\123\237\122\031}{section.8}% 41
\BOOKMARK [2][-]{subsection.8.2}{\376\377\150\070\137\303\000\040\000J\000S\000O\000N\000\040\226\306\124\010\213\276\213\241}{section.8}% 42
\BOOKMARK [2][-]{subsection.8.3}{\376\377\153\143\137\017\123\026\145\160\143\156\217\301\171\373\146\040\134\004}{section.8}% 43
\BOOKMARK [2][-]{subsection.8.4}{\376\377\150\070\137\303\145\160\143\156\152\041\127\213}{section.8}% 44
\BOOKMARK [2][-]{subsection.8.5}{\376\377\000A\000P\000I\000\040\143\245\123\343\140\073\211\310}{section.8}% 45
\BOOKMARK [2][-]{subsection.8.6}{\376\377\143\245\123\343\211\304\203\003}{section.8}% 46
\BOOKMARK [1][-]{section.9}{\376\377\143\250\203\120\173\227\154\325\116\016\000\040\000A\000I\000\040\200\375\122\233}{}% 47
\BOOKMARK [2][-]{subsection.9.1}{\376\377\143\250\203\120\174\373\176\337\213\276\213\241}{section.9}% 48
\BOOKMARK [2][-]{subsection.9.2}{\376\377\116\052\140\047\123\026\143\250\203\120\147\072\122\066}{section.9}% 49
\BOOKMARK [2][-]{subsection.9.3}{\376\377\000A\000I\000\040\000A\000g\000e\000n\000t\000\040\213\276\213\241}{section.9}% 50
\BOOKMARK [2][-]{subsection.9.4}{\376\377\000A\000I\000\040\000S\000k\000i\000l\000l\000\040\213\276\213\241}{section.9}% 51
\BOOKMARK [2][-]{subsection.9.5}{\376\377\000D\000e\000e\000p\000S\000e\000e\000k\000\040\143\245\121\145\116\016\143\320\171\072\213\315\176\246\147\137}{section.9}% 52
\BOOKMARK [2][-]{subsection.9.6}{\376\377\120\117\131\175\116\016\145\110\163\207\122\006\147\220}{section.9}% 53
\BOOKMARK [1][-]{section.10}{\376\377\142\200\147\057\220\011\127\213}{}% 54
\BOOKMARK [2][-]{subsection.10.1}{\376\377\147\054\147\037\142\200\147\057\150\010\140\073\211\310}{section.10}% 55
\BOOKMARK [2][-]{subsection.10.2}{\376\377\124\016\176\355\135\345\172\013\123\026\142\200\147\057\150\010}{section.10}% 56
\BOOKMARK [2][-]{subsection.10.3}{\376\377\122\115\172\357\220\011\127\213\164\006\165\061}{section.10}% 57
\BOOKMARK [2][-]{subsection.10.4}{\376\377\124\016\172\357\220\011\127\213\164\006\165\061}{section.10}% 58
\BOOKMARK [2][-]{subsection.10.5}{\376\377\145\160\143\156\134\102\220\011\127\213\164\006\165\061}{section.10}% 59
\BOOKMARK [2][-]{subsection.10.6}{\376\377\000A\000I\000\040\116\016\143\250\203\120\220\011\127\213\164\006\165\061}{section.10}% 60
\BOOKMARK [1][-]{section.11}{\376\377\173\054\116\011\145\271\147\015\122\241\226\306\142\020}{}% 61
\BOOKMARK [2][-]{subsection.11.1}{\376\377\232\330\137\267\127\060\126\376\147\015\122\241}{section.11}% 62
\BOOKMARK [2][-]{subsection.11.2}{\376\377\000D\000e\000e\000p\000S\000e\000e\000k\000\040\000A\000P\000I}{section.11}% 63
\BOOKMARK [2][-]{subsection.11.3}{\376\377\131\051\154\024\116\016\163\257\130\203\145\160\143\156\147\015\122\241}{section.11}% 64
\BOOKMARK [2][-]{subsection.11.4}{\376\377\133\371\214\141\133\130\120\250\116\016\000\040\000C\000D\000N\377\010\124\016\176\355\211\304\122\022\377\011}{section.11}% 65
\BOOKMARK [2][-]{subsection.11.5}{\376\377\000H\000T\000T\000P\000S\060\001\127\337\124\015\116\016\213\301\116\146\377\010\124\016\176\355\211\304\122\022\377\011}{section.11}% 66
\BOOKMARK [2][-]{subsection.11.6}{\376\377\147\015\122\241\226\115\176\247\173\126\165\145}{section.11}% 67
\BOOKMARK [1][-]{section.12}{\376\377\133\211\121\150\060\001\226\220\171\301\116\016\124\010\211\304}{}% 68
\BOOKMARK [2][-]{subsection.12.1}{\376\377\145\160\143\156\133\211\121\150}{section.12}% 69
\BOOKMARK [2][-]{subsection.12.2}{\376\377\117\115\177\156\226\220\171\301\117\335\142\244}{section.12}% 70
\BOOKMARK [2][-]{subsection.12.3}{\376\377\165\050\142\067\222\164\147\103\116\016\147\103\226\120\143\247\122\066}{section.12}% 71
\BOOKMARK [2][-]{subsection.12.4}{\376\377\116\052\140\047\123\026\145\160\143\156\143\210\147\103}{section.12}% 72
\BOOKMARK [2][-]{subsection.12.5}{\376\377\143\245\123\343\116\016\116\032\122\241\230\316\143\247}{section.12}% 73
\BOOKMARK [2][-]{subsection.12.6}{\376\377\124\010\211\304\140\047\213\276\213\241}{section.12}% 74
\BOOKMARK [2][-]{subsection.12.7}{\376\377\133\211\121\150\232\214\145\066\211\201\160\271}{section.12}% 75
\BOOKMARK [1][-]{section.13}{\376\377\220\350\177\162\116\016\217\320\210\114\145\271\150\110}{}% 76
\BOOKMARK [2][-]{subsection.13.1}{\376\377\217\320\210\114\163\257\130\203}{section.13}% 77
\BOOKMARK [2][-]{subsection.13.2}{\376\377\147\054\147\037\220\350\177\162\142\323\142\121}{section.13}% 78
\BOOKMARK [2][-]{subsection.13.3}{\376\377\221\115\177\156\230\171\116\016\124\057\122\250\150\300\147\345}{section.13}% 79
\BOOKMARK [2][-]{subsection.13.4}{\376\377\226\115\176\247\116\016\133\271\225\031\213\276\213\241}{section.13}% 80
\BOOKMARK [2][-]{subsection.13.5}{\376\377\153\143\137\017\135\345\172\013\123\026\220\350\177\162\211\304\122\022}{section.13}% 81
\BOOKMARK [2][-]{subsection.13.6}{\376\377\116\244\116\330\116\016\217\320\210\114\145\057\144\221}{section.13}% 82
\BOOKMARK [1][-]{section.14}{\376\377\155\113\213\325\116\016\232\214\145\066\145\271\150\110}{}% 83
\BOOKMARK [2][-]{subsection.14.1}{\376\377\122\237\200\375\155\113\213\325}{section.14}% 84
\BOOKMARK [2][-]{subsection.14.2}{\376\377\143\245\123\343\155\113\213\325}{section.14}% 85
\BOOKMARK [2][-]{subsection.14.3}{\376\377\145\160\143\156\155\113\213\325}{section.14}% 86
\BOOKMARK [2][-]{subsection.14.4}{\376\377\140\047\200\375\155\113\213\325}{section.14}% 87
\BOOKMARK [2][-]{subsection.14.5}{\376\377\133\211\121\150\155\113\213\325}{section.14}% 88
\BOOKMARK [2][-]{subsection.14.6}{\376\377\121\174\133\271\140\047\116\016\146\023\165\050\140\047\155\113\213\325}{section.14}% 89
\BOOKMARK [2][-]{subsection.14.7}{\376\377\150\070\137\303\232\214\145\066\150\300\147\345\210\150}{section.14}% 90
\BOOKMARK [2][-]{subsection.14.8}{\376\377\232\214\145\066\226\066\153\265\116\016\220\032\217\307\150\007\121\306}{section.14}% 91
\BOOKMARK [1][-]{section.15}{\376\377\150\070\137\303\117\030\122\277\116\016\122\033\145\260\160\271}{}% 92
\BOOKMARK [2][-]{subsection.15.1}{\376\377\127\202\224\223\213\355\116\111\130\236\137\072\000\040\000P\000O\000I}{section.15}% 93
\BOOKMARK [2][-]{subsection.15.2}{\376\377\116\052\116\272\121\372\224\223\150\143\150\110}{section.15}% 94
\BOOKMARK [2][-]{subsection.15.3}{\376\377\176\323\147\204\123\026\171\076\123\072}{section.15}% 95
\BOOKMARK [2][-]{subsection.15.4}{\376\377\211\304\122\031\117\030\121\110\060\001\000A\000I\000\040\211\343\221\312\166\204\143\250\203\120\147\072\122\066}{section.15}% 96
\BOOKMARK [2][-]{subsection.15.5}{\376\377\117\115\177\156\226\220\171\301\116\016\167\345\213\306\121\161\116\253\166\204\136\163\210\141}{section.15}% 97
\BOOKMARK [2][-]{subsection.15.6}{\376\377\125\106\116\032\147\015\122\241\116\016\167\037\133\236\213\260\137\125\166\204\217\336\143\245}{section.15}% 98
\BOOKMARK [2][-]{subsection.15.7}{\376\377\000M\000V\000P\000\040\123\357\204\075\127\060\140\047}{section.15}% 99
\BOOKMARK [2][-]{subsection.15.8}{\376\377\176\374\124\010\117\030\122\277\116\016\123\357\221\317\123\026\143\007\150\007}{section.15}% 100
\BOOKMARK [1][-]{section.16}{\376\377\230\171\166\356\133\236\145\275\213\241\122\022}{}% 101
\BOOKMARK [2][-]{subsection.16.1}{\376\377\226\066\153\265\116\000\377\032\230\171\166\356\124\057\122\250\116\016\203\003\126\364\170\156\213\244\377\010\173\054\000\040\0001\040\024\0001\0000\000\040\131\051\377\011}{section.16}% 102
\BOOKMARK [2][-]{subsection.16.2}{\376\377\226\066\153\265\116\214\377\032\227\000\154\102\122\006\147\220\116\016\140\073\117\123\213\276\213\241\377\010\173\054\000\040\0001\0001\040\024\0003\0000\000\040\131\051\377\011}{section.16}% 103
\BOOKMARK [2][-]{subsection.16.3}{\376\377\226\066\153\265\116\011\377\032\124\016\172\357\116\016\145\160\143\156\127\372\170\100\137\000\123\321\377\010\173\054\000\040\0003\0001\040\024\0005\0005\000\040\131\051\377\011}{section.16}% 104
\BOOKMARK [2][-]{subsection.16.4}{\376\377\226\066\153\265\126\333\377\032\122\115\172\357\230\165\227\142\116\016\116\244\116\222\137\000\123\321\377\010\173\054\000\040\0004\0006\040\024\0007\0005\000\040\131\051\377\011}{section.16}% 105
\BOOKMARK [2][-]{subsection.16.5}{\376\377\226\066\153\265\116\224\377\032\174\373\176\337\200\124\214\003\116\016\116\012\176\277\213\325\217\320\210\114\377\010\173\054\000\040\0007\0006\040\024\0009\0000\000\040\131\051\377\011}{section.16}% 106
\BOOKMARK [2][-]{subsection.16.6}{\376\377\226\066\153\265\121\155\377\032\215\050\221\317\122\240\126\372\116\016\232\214\145\066\121\306\131\007\377\010\173\054\000\040\0009\0001\040\024\0001\0000\0005\000\040\131\051\377\011}{section.16}% 107
\BOOKMARK [2][-]{subsection.16.7}{\376\377\226\066\153\265\116\003\377\032\176\310\232\214\116\244\116\330\377\010\173\054\000\040\0001\0000\0006\040\024\0001\0002\0000\000\040\131\051\377\011}{section.16}% 108
\BOOKMARK [2][-]{subsection.16.8}{\376\377\116\272\124\130\122\006\135\345}{section.16}% 109
\BOOKMARK [1][-]{section.17}{\376\377\230\316\226\151\122\006\147\220\116\016\136\224\133\371\143\252\145\275}{}% 110
\BOOKMARK [2][-]{subsection.17.1}{\376\377\224\223\160\271\116\016\211\304\122\031\145\160\143\156\230\316\226\151}{section.17}% 111
\BOOKMARK [2][-]{subsection.17.2}{\376\377\117\115\177\156\226\220\171\301\116\016\165\050\142\067\117\341\116\373\230\316\226\151}{section.17}% 112
\BOOKMARK [2][-]{subsection.17.3}{\376\377\173\054\116\011\145\271\147\015\122\241\117\235\215\126\230\316\226\151}{section.17}% 113
\BOOKMARK [2][-]{subsection.17.4}{\376\377\143\250\203\120\116\016\000\040\000A\000I\000\040\217\223\121\372\230\316\226\151}{section.17}% 114
\BOOKMARK [2][-]{subsection.17.5}{\376\377\145\160\143\156\143\001\116\105\123\026\116\016\136\166\123\321\230\316\226\151}{section.17}% 115
\BOOKMARK [2][-]{subsection.17.6}{\376\377\215\046\123\367\147\103\226\120\116\016\133\211\121\150\230\316\226\151}{section.17}% 116
\BOOKMARK [2][-]{subsection.17.7}{\376\377\121\205\133\271\154\273\164\006\230\316\226\151}{section.17}% 117
\BOOKMARK [2][-]{subsection.17.8}{\376\377\217\333\136\246\116\016\203\003\126\364\205\023\136\366\230\316\226\151}{section.17}% 118
\BOOKMARK [2][-]{subsection.17.9}{\376\377\232\214\145\066\210\150\217\276\230\316\226\151}{section.17}% 119
\BOOKMARK [2][-]{subsection.17.10}{\376\377\230\316\226\151\173\241\164\006\166\204\140\073\117\123\123\237\122\031}{section.17}% 120
\BOOKMARK [1][-]{section.18}{\376\377\124\016\176\355\142\151\134\125\211\304\122\022}{}% 121
\BOOKMARK [2][-]{subsection.18.1}{\376\377\173\054\116\000\226\066\153\265\377\032\145\160\143\156\116\016\133\211\121\150\136\225\136\247\123\107\176\247}{section.18}% 122
\BOOKMARK [2][-]{subsection.18.2}{\376\377\173\054\116\214\226\066\153\265\377\032\127\060\126\376\116\016\224\223\160\271\145\160\143\156\130\236\137\072}{section.18}% 123
\BOOKMARK [2][-]{subsection.18.3}{\376\377\173\054\116\011\226\066\153\265\377\032\171\076\177\244\133\236\145\366\123\026\116\016\121\205\133\271\154\273\164\006}{section.18}% 124
\BOOKMARK [2][-]{subsection.18.4}{\376\377\173\054\126\333\226\066\153\265\377\032\155\073\122\250\116\016\125\106\116\032\225\355\163\257\153\143\137\017\123\026}{section.18}% 125
\BOOKMARK [2][-]{subsection.18.5}{\376\377\173\054\116\224\226\066\153\265\377\032\121\154\121\161\147\015\122\241\116\016\166\321\173\241\123\117\124\014}{section.18}% 126
\BOOKMARK [2][-]{subsection.18.6}{\376\377\173\054\121\155\226\066\153\265\377\032\146\172\200\375\122\006\147\220\116\016\173\227\154\325\117\030\123\026}{section.18}% 127
\BOOKMARK [2][-]{subsection.18.7}{\376\377\162\110\147\054\211\304\122\022}{section.18}% 128
\BOOKMARK [1][-]{section.19}{\376\377\226\104\137\125}{}% 129
\BOOKMARK [2][-]{subsection.19.1}{\376\377\226\104\137\125\000A\377\032\230\171\166\356\116\244\116\330\162\151\156\005\123\125}{section.19}% 130
\BOOKMARK [2][-]{subsection.19.2}{\376\377\226\104\137\125\000B\377\032\163\257\130\203\123\330\221\317\116\016\221\115\177\156\230\171\171\072\117\213}{section.19}% 131
\BOOKMARK [2][-]{subsection.19.3}{\376\377\226\104\137\125\000C\377\032\150\070\137\303\232\214\145\066\143\007\150\007}{section.19}% 132
\BOOKMARK [2][-]{subsection.19.4}{\376\377\226\104\137\125\000D\377\032\230\171\166\356\211\322\202\162\122\006\135\345}{section.19}% 133
\BOOKMARK [2][-]{subsection.19.5}{\376\377\226\104\137\125\000E\377\032\127\371\213\255\116\016\176\364\142\244\133\211\143\222}{section.19}% 134
\BOOKMARK [2][-]{subsection.19.6}{\376\377\226\104\137\125\000F\377\032\160\271\133\371\160\271\124\315\136\224\144\130\137\125}{section.19}% 135
\BOOKMARK [2][-]{subsection.19.7}{\376\377\226\104\137\125\000G\377\032\157\024\171\072\145\160\143\156\116\016\232\214\145\066\201\032\147\054}{section.19}% 136
\BOOKMARK [2][-]{subsection.19.8}{\376\377\226\104\137\125\000H\377\032\147\057\213\355\213\364\146\016}{section.19}% 137
\BOOKMARK [2][-]{subsection.19.9}{\376\377\177\051\165\145\213\355\133\371\161\147\210\150}{section.19}% 138
\BOOKMARK [2][-]{subsection.19.10}{\376\377\230\165\227\142\142\052\126\376}{section.19}% 139
